
> svelte-gantt-lib@0.1.0 test:e2e
> playwright test tests/e2e/gantt-chart.spec.ts


Running 11 tests using 1 worker

  笨・  1 [chromium] 窶ｺ tests\e2e\gantt-chart.spec.ts:53:3 窶ｺ 繧ｬ繝ｳ繝医メ繝｣繝ｼ繝・窶ｺ 繧ｬ繝ｳ繝医メ繝｣繝ｼ繝医′陦ｨ遉ｺ縺輔ｌ繧九％縺ｨ (1.0m)
  笨・  2 [chromium] 窶ｺ tests\e2e\gantt-chart.spec.ts:67:3 窶ｺ 繧ｬ繝ｳ繝医メ繝｣繝ｼ繝・窶ｺ 繧ｿ繧ｹ繧ｯ繝舌・縺瑚｡ｨ遉ｺ縺輔ｌ繧九％縺ｨ (825ms)
  笨・  3 [chromium] 窶ｺ tests\e2e\gantt-chart.spec.ts:78:3 窶ｺ 繧ｬ繝ｳ繝医メ繝｣繝ｼ繝・窶ｺ 繧ｻ繧ｯ繧ｷ繝ｧ繝ｳ繧ｰ繝ｫ繝ｼ繝励′陦ｨ遉ｺ縺輔ｌ繧九％縺ｨ (777ms)
  笨・  4 [chromium] 窶ｺ tests\e2e\gantt-chart.spec.ts:89:3 窶ｺ 繧ｬ繝ｳ繝医メ繝｣繝ｼ繝・窶ｺ 譌･譎よ悴險ｭ螳壹ち繧ｹ繧ｯ縺瑚｡ｨ遉ｺ縺輔ｌ繧九％縺ｨ (763ms)
  笨・  5 [chromium] 窶ｺ tests\e2e\gantt-chart.spec.ts:96:3 窶ｺ 繧ｬ繝ｳ繝医メ繝｣繝ｼ繝・窶ｺ 繝・Μ繝ｼ繝弱・繝峨ｒ繧ｯ繝ｪ繝・け縺励※謚倥ｊ逡ｳ縺ｿ/螻暮幕縺ｧ縺阪ｋ縺薙→ (906ms)
  笨・  6 [chromium] 窶ｺ tests\e2e\gantt-chart.spec.ts:117:3 窶ｺ 繧ｬ繝ｳ繝医メ繝｣繝ｼ繝・窶ｺ 繧ｿ繧ｹ繧ｯ繝舌・繧偵ラ繝ｩ繝・げ縺励※遘ｻ蜍輔〒縺阪ｋ縺薙→ (6.9s)
  笨・  7 [chromium] 窶ｺ tests\e2e\gantt-chart.spec.ts:147:3 窶ｺ 繧ｬ繝ｳ繝医メ繝｣繝ｼ繝・窶ｺ 繧ｿ繧ｹ繧ｯ繝舌・縺ｮ蜿ｳ遶ｯ繧偵ラ繝ｩ繝・げ縺励※邨ゆｺ・律繧偵Μ繧ｵ繧､繧ｺ縺ｧ縺阪ｋ縺薙→ (7.0s)
  笨・  8 [chromium] 窶ｺ tests\e2e\gantt-chart.spec.ts:177:3 窶ｺ 繧ｬ繝ｳ繝医メ繝｣繝ｼ繝・窶ｺ 繧ｻ繧ｯ繧ｷ繝ｧ繝ｳ繧ｰ繝ｫ繝ｼ繝励ｒ繝峨Λ繝・げ縺励※蜈ｨ菴鍋ｧｻ蜍輔〒縺阪ｋ縺薙→ (1.6s)
